
## 系统信息

CPU：ARMv7l, 500Mhz, am335xevm
内存：256M
系统：Angstrom 2011.09
内核：3.2.0
磁盘：175M
开放端口：23（telnet），8080（thttpd），60001（EControl文件传输？），60002（EControl控制指令）
运行服务：
  /usr/sbin/telnetd
  /usr/sbin/thttpd -d /srv/www -p 8080 -u root -c /cgi-bin/*
  /home/yindl/./EControlManagement
  /home/yindl/./YINDL_Serial_Device_Server
  /home/yindl/./MOXagent
敏感目录：
  /home/yindl/
  /srv/www/cgi-bin/
  /usr/gui/qt/lib/
  /usr/hzyd_335x_test/
  /usr/image/
  /usr/test/

## 启动日志

```
[11114.651092] SysRq : Resetting

U-Boot SPL 2011.09 (Apr 11 2013 - 19:48:31)
Texas Instruments Revision detection unimplemented


U-Boot 2011.09 (May 27 2014 - 17:25:46)

DRAM:  256 MiB
NAND:  256 MiB
MMC:   OMAP SD/MMC: 0
*** Warning - bad CRC, using default environment

Net:   cpsw
Hit any key to stop autoboot:  0
Booting from nand ...
HW ECC BCH8 Selected

NAND read: device 0 offset 0x280000, size 0x500000
 5242880 bytes read: OK
## Booting kernel from Legacy Image at 80007fc0 ...
   Image Name:   Linux-3.2.0
   Image Type:   ARM Linux Kernel Image (uncompressed)
   Data Size:    2960472 Bytes = 2.8 MiB
   Load Address: 80008000
   Entry Point:  80008000
   Verifying Checksum ... OK
   XIP Kernel Image ... OK
OK

Starting kernel ...

Uncompressing Linux... done, booting the kernel.
[    0.000000] Linux version 3.2.0 (root@swordlin-virtual-machine) (gcc version 4.5.3 20110311 (prerelease) (GCC) ) #184 Sat Nov 22 22:53:18 CST 2014
[    0.000000] CPU: ARMv7 Processor [413fc082] revision 2 (ARMv7), cr=10c53c7d
[    0.000000] CPU: PIPT / VIPT nonaliasing data cache, VIPT aliasing instruction cache
[    0.000000] Machine: am335xevm
[    0.000000] Memory policy: ECC disabled, Data cache writeback
[    0.000000] AM335X ES1.0 (sgx neon )
[    0.000000] Bui0000 - 0xff000000   ( 744 MB)
[    0.000000]     lowmem  : 0xc0000000 - 0xd0000000   ( 256 MB)
[    0.000000]     modules : 0xbf000000 - 0xc0000000   (  16 MB)
[    0.000000]       .text : 0xc0008000 - 0xc053c000   (5328 kB)
[    0.0000protocol family 16
[    0.085388] OMAP GPIO hardware version 0.1
[    0.088745] omap_mux_init: Add partition: #1: core, flags: 0
[    0.092498]  da8xx_lcdc.0: alias fck already exists
[    0.094299]  davinci-mcasp.0: alias fck already e:
[    0.154052] print_constraints: VIO: at 1800 mV
[    0.156494] print_constraints: VDD1: 600 <--> 1500 mV at 1100 mV normal
[    0.158935] print_constraints: VDD2: 600 <--> 1500 mV at 1100 mV normal
[    0.160034] print_constrain8] MUSB0 controller\'s USBSS revision = 4ea20800
[    0.199340] musb-hdrc musb-hdrc.0: USB OTG mode controller at d083c000 using PIO, IRQ 18
[    0.199554] musb-hdrc musb-hdrc.1: dma type: pio
[    0.199920] MUSB1 controller\'s USBSS revisgistered, assigned bus number 1
[    0.200347] usb usb1: New USB device found, idVendor=1d6b, idProduct=0002
[    0.20stered named UNIX socket transport module.
[    0.204406] RPC: Registered udp transport module.
[    0.204406] RPC: Registered tcp transport module.
[    0.204406] RPC: Registered tcp NFSv4.1 backchannel transport module.
[    0.204742]] Registering NAND on CS0
[    0.219329] VFS: Disk quotas dquot_6.5.2
[    0.219390] Dquot-cache hash table entries: 1nabled
[    0.911437] omap_uart.1: ttyO1 at MMIO 0x48022000 (irq = 73) is a OMAP UART1
 loaded
[    0.978515] loop: module loaded
[    0.982513]  watchdog: misc register successed:
[    0.989410] mtdoops: mtd device (mtddev=name/number) must be supplied
.008728] NAND device: Manufacturer ID: 0x2c, Chip ID: 0xda (Micron MT29F2G08ABAEAWP)
0000 : "File System"
[    1.189544] UBI: attaching mtd7 to ubi0
[    1.193603] UBI: physical eraseblock size:   131072 bytes (128 KiB)
[    1.200256] UBI: logical eraseblock size:    126976 bytes
[    1.205932] UBI: smallest flash I/O unit:    2048
[    1.210876] UBI: sub-page size:              512
[    1.215728] UBI: VID header offset:          2048 (aligned 2048)
[    1.222076] UBI: data offset:                4096
[    3.372955] UBI: max. sequence number:       608
[    3.394622] UBI: attached mtd7 to ubi0
[    3.398651] UBI: MTD device name:            "File System"
[    3.404418] UBI: MTD device size:            248 MiB
[    3.409637] UBI: number of good PEBs:        1988
[    3.414581] UBI: number of bad PEBs:         0
[    3.419281] UBI: number of corrupted PEBs:   0
[    3.423950] UBI: max. allowed volumes:r: 3/1
[    3.463928] UBI: image sequence number:  2054362457
[    3.469207] UBI: background thread "ubi_bgt0d" started, PID 534
[    3.475616] CAN device driver interface
[    3.479675] CAN bus driver for Bosch D_CAN controller 1.0
nterface driver dm9601
[    3.578918] cdc_ncm: 04-Aug-2011
[    3.582519] usbcore: registered new interface driver cdc_ncm
 3.674743] omap4-sham omap4-sham: AM33X SHA/MD5 hw accel rev: 4.03
[    3.688140] omap4_sham_probe: probe() done
[    3.695739] usbcore: registered new interface driver usbhid
[    3.701660] usbhid: USB HID core driver
[    3.706481] usbcore: registered new interface driver snd-usb-audio
max)
[    3.781555] ip_tables: (C) 2000-2006 Netfilter Core Team
[    3.787322] TCP cubic registered
[    3.790710] NET: Registered protocol family 17
[    3.795410] can: controller area network core (rev 20090105 abi 8)
[    3.802062]disabling unused clocks to save power
[    3.891052] Detected MACID=54:4a:16:e8:17:9f
[    3.896820] cpsw: Detected MACID = 54:4a:16:e8:17:a1
[    3.903442] drivers/rtc/hctosys.c: unable to open rtc device (rtc0)
[    3.977203] UBIFS: recovery needed
[    4.137756] UBIFS: recovery completed
[    4.141632] UBIFS: mounted UBI device 0, volume 0, name "rootfs"
[    4.147979] UBIFS: file system size:   199225344 bytes (194556 KiB, 189 MiB, 1569 LEBs)
[    4.156402] UBIFS: journal size:       9023488 bytes (8812 KiB, 8 MiB, 72 LEBs)
[    4.164093] UBIFS: media format:       w4/r0 (latest is w4/r0)
[    4.170257] UBIFS: default compressor: lzo
[    4.174560] UBIFS: reserved for root:  0 bytes (0 KiB)
[    4.182739] VFS: Mounted root (ubifs filesystem) on device 0:13.
[    4.189605] Freeing init memory: 244K
INIT: version 2.86 booting
Please wait: booting...
Starting udev
[    5.047363] udevd (833): /proc/833/oom_adj is deprecated, please use /proc/833/oom_score_adj instead.
[    9.525665] alignment: ignoring faults is unsafe on this CPU.  Defaulting to fixup mode.
Root filesystem already rw, not remounting
Caching udev devnodes
ALSA: Restoring mixer settings...
Configuring network interfaces... [   10.403839] net eth0: CPSW phy found : id is : 0x4dd072
[   10.531158] net eth1: CPSW phy found : id is : 0x4dd072
route: SIOCADDRT: Invalid argument
done.
Setting up IP spoofing protection: rp_filter.
ifup: interface eth1 already configured
hwclock: can\'t open \'/dev/misc/rtc\': No such file or directory
Fri Jul  3 15:59:00 CST 2015
hwclock: can\'t open \'/dev/misc/rtc\': No such file or directory
INIT: Entering runlevel: 5
Starting system message bus: dbus.
Starting telnet daemon.
Starting syslogd/klogd: done
Starting thttpd.
Starting EControlManagement...
amixer: relocation error: amixer: symbol snd_ctl_et_navalue_sizeof, version ALSA_0.9 not defined in file libasound.so.2 with link time reference
amixer: relocation error: amixer: symbol snd_ctl_et_navalue_sizeof, version ALSA_0.9 not defined in file libasound.so.2 with link time reference
root@yindl:~# [   12.398529] PHY: 0:01 - Link is Up - 100/Full
---获取到的网口参数---
---    ETH1      ---
ETH0 ip:192.168.1.251
ETH0 netmask:255.255.255.0
ETH0_gateway:192.168.1.1
ETH0_MAC:00:a8:80:c5:6c:be
---    ETH0      ---
ETH1 ip:10.0.0.2
ETH1 netmask:255.0.0.0
ETH1_gateway:0.0.0.0
ETH1_MAC:00:a9:80:c5:6c:be
---     DNS      ---
DNS1:route
DNS2:
[   12.506774] watchdog: enable watchdog
eth0=192.168.1.251   eth1=10.0.0.2
count:146
(1)NAME=玄关吊灯  DZ=0/0/11
(2)NAME=玄关吊灯状态  DZ=0/0/12
(3)NAME=玄关射灯  DZ=0/0/13
(4)NAME=玄关射灯状态  DZ=0/0/14
(5)NAME=客厅射灯  DZ=0/0/1
(6)NAME=客厅射灯状态  DZ=0/0/2
(7)NAME=客厅�式  DZ=运转模式
(37)NAME=空调0-回风温度  DZ=回风温度
(38)NAME=空调0-设定温度  DZ=设定温度
(39)NAME=空调1-开关状态  DZ=开关状态
(40)NAME=空调1-风量  DZ=风量
(41)NAME=空调1-运转模式  DZ=运�转模式  DZ=运转模式
(82)NAME=空调9-回风温度  DZ=回风温度
(83)NAME=空调9-设定温度  DZ=设定温度
(84)NAME=地暖1-开关状态  DZ=开关状态
(85)NAME=地暖1-室温设定  DZ=室温设定
(86)NAME=地暖1-�温设定
(92)NAME=地暖3-室内温度  DZ=室内温度
(93)NAME=地暖4-开关状态  DZ=开关状态
(94)NAME=地�帘6-开度  DZ=开度
(135)NAME=窗帘7-打开  DZ=打开
(136)NAME=窗帘7-关闭  DZ=关闭
(137)NAME=窗帘7-停止  DZ=停止
(138)NAME=窗帘7-开度  DZ=开度
(139)NAME=窗帘8-打开  DZ=打开
(140)NAME=窗帘8-关闭  DZ=媗帘9-关闭  DZ=关闭
(145)NAME=窗帘9-停止  DZ=停止
(146)NAME=窗帘9-开度  DZ=开度
num:11
有新的客户连接请求.
一个新的连接来自 192.168.1.2:53284.
新的客户端连接:Client[00]
YINDL 用户认证通过!
```
